// Jest Snapshot v1, https://goo.gl/fbAQLP

exports[`Penn Courses 1`] = `
Array [
  Object {
    "apiVersion": "v1",
    "kind": "Service",
    "metadata": Object {
      "labels": Object {
        "release": "RELEASE_NAME",
      },
      "name": "RELEASE_NAME-backend",
    },
    "spec": Object {
      "ports": Array [
        Object {
          "port": 80,
          "targetPort": 80,
        },
      ],
      "selector": Object {
        "name": "RELEASE_NAME-backend",
      },
      "type": "ClusterIP",
    },
  },
  Object {
    "apiVersion": "apps/v1",
    "kind": "Deployment",
    "metadata": Object {
      "labels": Object {
        "name": "RELEASE_NAME-backend",
        "release": "RELEASE_NAME",
      },
      "name": "RELEASE_NAME-backend",
      "namespace": "default",
    },
    "spec": Object {
      "replicas": 3,
      "selector": Object {
        "matchLabels": Object {
          "name": "RELEASE_NAME-backend",
        },
      },
      "strategy": Object {
        "rollingUpdate": Object {
          "maxSurge": 3,
          "maxUnavailable": 0,
        },
        "type": "RollingUpdate",
      },
      "template": Object {
        "metadata": Object {
          "labels": Object {
            "name": "RELEASE_NAME-backend",
          },
        },
        "spec": Object {
          "containers": Array [
            Object {
              "command": Array [
                "celery",
                "worker",
                "-A",
                "PennCourses",
                "-Q",
                "alerts,celery",
                "-linfo",
              ],
              "env": Array [
                Object {
                  "name": "PORT",
                  "value": "80",
                },
                Object {
                  "name": "DJANGO_SETTINGS_MODULE",
                  "value": "PennCourses.settings.production",
                },
              ],
              "envFrom": Array [
                Object {
                  "secretRef": Object {
                    "name": "penn-courses",
                  },
                },
              ],
              "image": "pennlabs/penn-courses-backend:TAG_FROM_CI",
              "imagePullPolicy": "IfNotPresent",
              "name": "worker",
              "ports": Array [
                Object {
                  "containerPort": 80,
                },
              ],
            },
          ],
        },
      },
    },
  },
  Object {
    "apiVersion": "networking.k8s.io/v1beta1",
    "kind": "Ingress",
    "metadata": Object {
      "labels": Object {
        "release": "RELEASE_NAME",
      },
      "name": "RELEASE_NAME-backend",
      "namespace": "default",
    },
    "spec": Object {
      "rules": Array [
        Object {
          "host": "penncourseplan.com",
          "http": Object {
            "paths": Array [
              Object {
                "backend": Object {
                  "serviceName": "RELEASE_NAME-backend",
                  "servicePort": 80,
                },
                "path": "/api",
              },
              Object {
                "backend": Object {
                  "serviceName": "RELEASE_NAME-backend",
                  "servicePort": 80,
                },
                "path": "/admin",
              },
              Object {
                "backend": Object {
                  "serviceName": "RELEASE_NAME-backend",
                  "servicePort": 80,
                },
                "path": "/accounts",
              },
              Object {
                "backend": Object {
                  "serviceName": "RELEASE_NAME-backend",
                  "servicePort": 80,
                },
                "path": "/assets",
              },
            ],
          },
        },
        Object {
          "host": "penncoursealert.com",
          "http": Object {
            "paths": Array [
              Object {
                "backend": Object {
                  "serviceName": "RELEASE_NAME-backend",
                  "servicePort": 80,
                },
                "path": "/api",
              },
              Object {
                "backend": Object {
                  "serviceName": "RELEASE_NAME-backend",
                  "servicePort": 80,
                },
                "path": "/admin",
              },
              Object {
                "backend": Object {
                  "serviceName": "RELEASE_NAME-backend",
                  "servicePort": 80,
                },
                "path": "/accounts",
              },
              Object {
                "backend": Object {
                  "serviceName": "RELEASE_NAME-backend",
                  "servicePort": 80,
                },
                "path": "/assets",
              },
              Object {
                "backend": Object {
                  "serviceName": "RELEASE_NAME-backend",
                  "servicePort": 80,
                },
                "path": "/webhook",
              },
            ],
          },
        },
        Object {
          "host": "review.penncourses.org",
          "http": Object {
            "paths": Array [
              Object {
                "backend": Object {
                  "serviceName": "RELEASE_NAME-backend",
                  "servicePort": 80,
                },
                "path": "/api",
              },
              Object {
                "backend": Object {
                  "serviceName": "RELEASE_NAME-backend",
                  "servicePort": 80,
                },
                "path": "/admin",
              },
              Object {
                "backend": Object {
                  "serviceName": "RELEASE_NAME-backend",
                  "servicePort": 80,
                },
                "path": "/accounts",
              },
              Object {
                "backend": Object {
                  "serviceName": "RELEASE_NAME-backend",
                  "servicePort": 80,
                },
                "path": "/assets",
              },
            ],
          },
        },
      ],
      "tls": Array [
        Object {
          "hosts": Array [
            "penncourseplan.com",
          ],
          "secretName": "penncourseplan-com-tls",
        },
        Object {
          "hosts": Array [
            "penncoursealert.com",
          ],
          "secretName": "penncoursealert-com-tls",
        },
        Object {
          "hosts": Array [
            "review.penncourses.org",
          ],
          "secretName": "penncourses-org-tls",
        },
      ],
    },
  },
  Object {
    "apiVersion": "cert-manager.io/v1alpha2",
    "kind": "Certificate",
    "metadata": Object {
      "labels": Object {
        "release": "RELEASE_NAME",
      },
      "name": "penncourseplan-com",
    },
    "spec": Object {
      "dnsNames": Array [
        "penncourseplan.com",
        "*.penncourseplan.com",
      ],
      "issuerRef": Object {
        "group": "cert-manager.io",
        "kind": "ClusterIssuer",
        "name": "wildcard-letsencrypt-prod",
      },
      "secretName": "penncourseplan-com-tls",
    },
  },
  Object {
    "apiVersion": "cert-manager.io/v1alpha2",
    "kind": "Certificate",
    "metadata": Object {
      "labels": Object {
        "release": "RELEASE_NAME",
      },
      "name": "penncoursealert-com",
    },
    "spec": Object {
      "dnsNames": Array [
        "penncoursealert.com",
        "*.penncoursealert.com",
      ],
      "issuerRef": Object {
        "group": "cert-manager.io",
        "kind": "ClusterIssuer",
        "name": "wildcard-letsencrypt-prod",
      },
      "secretName": "penncoursealert-com-tls",
    },
  },
  Object {
    "apiVersion": "cert-manager.io/v1alpha2",
    "kind": "Certificate",
    "metadata": Object {
      "labels": Object {
        "release": "RELEASE_NAME",
      },
      "name": "penncourses-org",
    },
    "spec": Object {
      "dnsNames": Array [
        "penncourses.org",
        "*.penncourses.org",
      ],
      "issuerRef": Object {
        "group": "cert-manager.io",
        "kind": "ClusterIssuer",
        "name": "wildcard-letsencrypt-prod",
      },
      "secretName": "penncourses-org-tls",
    },
  },
]
`;
